LPR:418:bdpl 0.0066899310261558
LPR:466:bdpl 0.3830910599467256
LPR:467:bdpl 0.2874797103858698
LPR:490:bdpl 5.003177415942263e-12
LPR:509:bdpl 2.75348487774215e-07
LPR:602:bdpl 5.179374008667257e-15
LPR:603:bdpl 2.7282326160175695e-15
LPR:798:bdpl 6.53525236086237e-08
LPR:807:bdpl 0.0003775120519856
LPR:850:bdpl 9.103725878762451e-06
LPR:862:bdpl 6.120902270615761e-05
LPR:1013:bdpl 2.3596942832707468e-09
LPR:1302:bdpl 2.4009587181835792e-09
LPR:1323:bdpl 6.015333221165459e-05
LPR:1486:bdpl 0.0076527375954247
LPR:1584:bdpl 0.0402448911354871
LPR:1589:bdpl 1.1249925560750616e-06
LPR:1643:bdpl 6.952443433858175e-05
LPR:1683:bdpl 9.048275128310073e-08
LPR:1860:bdpl 0.000104791784154
LPR:2544:bdpl 0.0005013113311308
LPR:2750:bdpl 1.933158597666595e-06
LPR:2886:bdpl 0.0494305894751721
LPR:3473:bdpl 2.9239866736103352e-06
LPR:3949:bdpl 0.0023467020871096
LPR:4171:bdpl 3.3903847465445534e-05
LPR:23610:bdpl 0.0079016404047747
LPR:23611:bdpl 0.0306637799937344
LPR:23618:bdpl 0.0038273784733938
LPR:23620:bdpl 6.82345794339583e-08
LPR:23627:bdpl 0.3451669759820668
LPR:23629:bdpl 0.0003003856715195
LPR:23630:bdpl 0.0002163683626269
LPR:23631:bdpl 0.0002593505804506
LPR:23635:bdpl 7.073218932681944e-08
LPR:23637:bdpl 1.1936359063820412e-05
LPR:23638:bdpl 0.0613401571535326
LPR:23639:bdpl 0.0065510336061263
LPR:23645:bdpl 0.0789381337394696
LPR:23646:bdpl 0.0687116602176004
LPR:23648:bdpl 5.2179931365235514e-08
LPR:23653:bdpl 0.3264825852902851
LPR:23695:bdpl 1.4073837936689686e-05
LPR:23697:bdpl 2.080837284179071e-11
LPR:23698:bdpl 4.883511718095857e-10
LPR:23699:bdpl 1.2017597104084602e-07
LPR:23700:bdpl 1.224584455979543e-07
LPR:23709:bdpl 0.0002020876964681
LPR:23710:bdpl 6.867649020969605e-07
LPR:23715:bdpl 0.0001592835146609
LPR:23716:bdpl 7.444683097809335e-05
LPR:23720:bdpl 0.0084601185521319
LPR:23721:bdpl 0.006877043689321
LPR:23722:bdpl 0.0057265327669622
LPR:23723:bdpl 0.0008715130268763
LPR:23726:bdpl 1.7187585631471516e-05
LPR:23727:bdpl 1.4887402187341865e-05
LPR:23728:bdpl 0.0002018733838375
LPR:23729:bdpl 0.0003700061003353
LPR:23751:bdpl 3.420074921407945e-05
LPR:23752:bdpl 0.0365696647592229
LPR:23753:bdpl 0.0102913128598044
LPR:23754:bdpl 1.5899369182800292e-08
LPR:23755:bdpl 0.3921938723258593
LPR:23756:bdpl 1.832938028282939e-05
LPR:23757:bdpl 4.877150957893191e-05
LPR:23758:bdpl 0.0001877231577591
LPR:23770:bdpl 0.1132420649310186
LPR:23776:bdpl 5.756374681428644e-05
LPR:23778:bdpl 0.000128728992251
LPR:23781:bdpl 0.0423941013885975
LPR:23790:bdpl 0.0004121229467544
LPR:23791:bdpl 0.0004221524122711
LPR:23794:bdpl 0.0523454339282928
LPR:23795:bdpl 1.5339322657554595e-05
LPR:23798:bdpl 0.0023180345898406
LPR:23800:bdpl 0.0235408141423227
LPR:23807:bdpl 1.262051875382882e-05
LPR:23816:bdpl 0.0959383684360204
LPR:23818:bdpl 4.1486914552499587e-07
LPR:23820:bdpl 3.5715134004042596e-05
LPR:23823:bdpl 2.6855040333540045e-05
LPR:23836:bdpl 0.2110931791883664
LPR:23837:bdpl 0.0379962122776806
LPR:23846:bdpl 0.000218846040933
LPR:23847:bdpl 0.0113956172901394
LPR:23848:bdpl 0.0075943353233961
LPR:23851:bdpl 0.0300678895342043
LPR:23864:bdpl 0.00142500083539
LPR:23865:bdpl 0.000898532004058
LPR:23866:bdpl 3.795965865337992e-05
LPR:23867:bdpl 4.936387491139783e-07
LPR:23868:bdpl 1.6062662001869188e-06
LPR:23869:bdpl 3.960720345582696e-07
LPR:23870:bdpl 8.573421031068065e-07
LPR:23876:bdpl 0.1169645835804448
LPR:23881:bdpl 0.0077548191521182
LPR:23883:bdpl 1.6239895751213004e-07
LPR:23886:bdpl 3.6325133027311235e-05
LPR:23888:bdpl 0.018807997980739
LPR:23889:bdpl 0.0324522665734444
LPR:23890:bdpl 2.0905836563054565e-05
LPR:23895:bdpl 0.0006221597696363
LPR:23898:bdpl 1.2961285304396477e-06
LPR:23908:bdpl 0.0074796680114195
LPR:23909:bdpl 0.004542798519903
LPR:23910:bdpl 0.0002389559784175
LPR:23913:bdpl 2.3161877735002812e-11
LPR:23915:bdpl 6.361587092337395e-09
LPR:23919:bdpl 0.0398301045718413
LPR:23926:bdpl 1.1552603661489914e-05
LPR:23928:bdpl 0.0037372048961373
LPR:23929:bdpl 0.0309954662878512
LPR:23930:bdpl 0.0030298195495718
LPR:23934:bdpl 0.3981483076318026
LPR:23936:bdpl 0.031912619914598
LPR:23937:bdpl 0.0083114719160064
LPR:23939:bdpl 0.0652469765566283
LPR:23942:bdpl 0.00015358280667
LPR:23944:bdpl 3.590196059904741e-06
LPR:23948:bdpl 0.0031960831404685
LPR:23956:bdpl 0.0003028032673373
LPR:23961:bdpl 1.0561592136646357e-12
LPR:23962:bdpl 9.079459897094234e-05
LPR:23963:bdpl 3.93245920626038e-06
LPR:23966:bdpl 1.6201891769311536e-06
LPR:23967:bdpl 5.338115059326528e-05
LPR:23972:bdpl 0.0003626114201733
LPR:23977:bdpl 0.0035167675876678
LPR:23978:bdpl 5.084232328523699e-09
LPR:23979:bdpl 6.330797349299214e-07
LPR:23980:bdpl 6.2360690571426405e-06
LPR:23981:bdpl 0.0092437336492573
LPR:23983:bdpl 0.0002799958444114
LPR:23984:bdpl 0.0022684417709206
LPR:23985:bdpl 0.0098584121862505
LPR:23987:bdpl 0.000577929502544
LPR:23998:bdpl 4.273956589816665e-06
LPR:24003:bdpl 0.0010200674323862
LPR:24005:bdpl 0.0017571728961318
LPR:24010:bdpl 0.0746619458713406
LPR:24011:bdpl 0.0193041712981466
LPR:24012:bdpl 4.2431067398334825e-05
LPR:24016:bdpl 7.942946645676318e-05
LPR:24024:bdpl 5.502431449890725e-07
LPR:24030:bdpl 0.0002133515898372
LPR:24033:bdpl 0.0001468813341319
LPR:24036:bdpl 2.868509457988284e-06
LPR:24037:bdpl 1.525406761726029e-06
LPR:24042:bdpl 3.878813887880549e-05
LPR:24043:bdpl 8.996996227103856e-08
LPR:24045:bdpl 0.030094715605879
LPR:24047:bdpl 0.0002331441372243
LPR:24049:bdpl 0.0036593845714716
LPR:24059:bdpl 2.445424426605816e-05
LPR:24063:bdpl 0.0005232841738557
LPR:24066:bdpl 2.4764763798587494e-06
LPR:24080:bdpl 1.2978648588152244e-05
LPR:24091:bdpl 4.42000358700709e-05
LPR:24093:bdpl 0.0053628080064896
LPR:24110:bdpl 0.0021870447791269
LPR:24120:bdpl 6.023840334384272e-06
LPR:24121:bdpl 0.0011964371269644
LPR:24125:bdpl 0.0094536187626028
LPR:24130:bdpl 1.9858757978756328e-05
LPR:24135:bdpl 6.839072109000329e-05
LPR:24137:bdpl 0.0245315574444543
LPR:24165:bdpl 0.0006595217806806
LPR:24166:bdpl 0.0004328388727201
LPR:24169:bdpl 1.5673577978740214e-08
LPR:24172:bdpl 0.0008115684542472
LPR:24195:bdpl 2.986667320046539e-08
LPR:24197:bdpl 0.018833568779917
LPR:24203:bdpl 0.0618138969626149
LPR:24216:bdpl 1.8439011276162474e-07
LPR:24225:bdpl 0.0015194067063248
LPR:24226:bdpl 4.7579405463122976e-05
LPR:24227:bdpl 0.0018042193026715
LPR:24239:bdpl 0.1669906032279805
LPR:24240:bdpl 0.0010129585125525
LPR:24247:bdpl 1.7647717328227764e-05
LPR:24249:bdpl 4.3245566092695095e-06
LPR:24252:bdpl 0.0007115288691193
LPR:24253:bdpl 7.463808877907098e-06
LPR:24256:bdpl 2.0036679557115216e-05
LPR:24265:bdpl 0.0014422205064156
LPR:24266:bdpl 0.0005823896798057
LPR:24274:bdpl 0.0142420699288411
LPR:24279:bdpl 0.001652888784541
LPR:24283:bdpl 0.0033374396848
LPR:24285:bdpl 1.4679684153408882e-08
LPR:24286:bdpl 1.9317405123904857e-08
LPR:24291:bdpl 0.0048440064999361
LPR:24293:bdpl 0.0007734516464729
LPR:24294:bdpl 1.4485984896649065e-08
LPR:24302:bdpl 8.393447310092624e-11
LPR:24305:bdpl 6.3613083859952785e-15
LPR:24307:bdpl 0.0003918886189541
LPR:24311:bdpl 0.0016020871569863
LPR:24317:bdpl 0.0001549610650754
LPR:24323:bdpl 0.1622355532107281
LPR:58403:bdpl 0.0004934670046397
LPR:58405:bdpl 0.2948617004080513
LPR:58406:bdpl 0.0052794782367608
LPR:58407:bdpl 0.0063012504614578
LPR:58410:bdpl 0.0018221135130994
LPR:58411:bdpl 0.0001411703965394
LPR:58414:bdpl 4.912350187702825e-05
LPR:58416:bdpl 1.3350417354794365e-05
LPR:58424:bdpl 2.9233350554616703e-05
LPR:58433:bdpl 0.0022718883265624
LPR:58434:bdpl 1.971431377489288e-07
LPR:67673:bdpl 0.0002475431298604
LPR:67895:bdpl 1.1648247364038827e-09
LPR:68008:bdpl 0.0007443794186076
LPR:68216:bdpl 1.1839902550097897e-12
LPR:68218:bdpl 3.1709222756366525e-13
LPR:68219:bdpl 2.159367598773615e-12
LPR:68220:bdpl 5.083517733408572e-12
LPR:68221:bdpl 1.9000504431606344e-11
LPR:68294:bdpl 1.0866183590646196e-15
LPR:68475:bdpl 0.0053534513833576
LPR:68529:bdpl 0.2740037335351595
LPR:68693:bdpl 2.450943415040012e-07
LPR:68695:bdpl 3.2577241625420536e-06
LPR:68872:bdpl 2.702691563134187e-05
LPR:68917:bdpl 1.606060107134893e-07
LPR:68925:bdpl 9.09244175823431e-05
LPR:68926:bdpl 0.0006233371752139
LPR:69049:bdpl 0.0390505541606507
LPR:69065:bdpl 0.0001526406055083
LPR:69282:bdpl 0.0108973670581667
LPR:69288:bdpl 1.901598487165185e-09
LPR:69289:bdpl 1.152177150508506e-08
LPR:69480:bdpl 2.002813612179256e-06
LPR:69508:bdpl 5.429781091016883e-12
LPR:69576:bdpl 9.575688381431589e-08
LPR:69635:bdpl 1.839881125118581e-09
LPR:69636:bdpl 4.5814772818982735e-10
LPR:69638:bdpl 1.0733107746795259e-10
LPR:69669:bdpl 1.1700153046568702e-14
LPR:69970:bdpl 0.035863928565248
LPR:69990:bdpl 9.275553515631615e-05
LPR:70119:bdpl 0.0336915403546507
LPR:70120:bdpl 0.0360194631995554
LPR:70186:bdpl 0.0296224364544005
LPR:70191:bdpl 1.931223180177792e-07
LPR:70263:bdpl 4.1733056745113336e-10
LPR:70517:bdpl 6.394405618270943e-11
LPR:70519:bdpl 5.663700746260807e-10
LPR:70520:bdpl 1.3081516432922238e-10
LPR:70548:bdpl 8.825292161289193e-11
LPR:70881:bdpl 0.0033335774777618
LPR:70961:bdpl 2.4818712969867117e-07
LPR:70974:bdpl 4.573352080064609e-08
LPR:70975:bdpl 8.023424701867736e-09
LPR:71044:bdpl 0.0208725999475597
LPR:71062:bdpl 1.5215978596333414e-05
LPR:71063:bdpl 0.000392334146648
LPR:71109:bdpl 0.0140819920695383
LPR:71110:bdpl 0.0092195393821456
LPR:71117:bdpl 8.267699909764375e-08
LPR:71156:bdpl 3.406081594253063e-06
LPR:71199:bdpl 1.1736023020280528e-06
LPR:71495:bdpl 0.0002879328297735
LPR:71935:bdpl 0.0005540384850505
LPR:71998:bdpl 1.190204925866249e-09
LPR:72082:bdpl 0.0001185695896693
LPR:72094:bdpl 6.48470311261795e-06
LPR:72095:bdpl 5.307248256683558e-06
LPR:72269:bdpl 0.0005680929130504
LPR:72301:bdpl 1.509155205156045e-07
LPR:72304:bdpl 1.0965021446677332e-06
LPR:72421:bdpl 2.147658329570451e-14
LPR:72422:bdpl 8.625596751850076e-13
LPR:72436:bdpl 2.738876880228215e-07
LPR:72437:bdpl 2.9130445560607667e-06
LPR:72607:bdpl 0.0003720102212232
LPR:72610:bdpl 0.0022555592325552
LPR:72713:bdpl 0.0004261951346573
LPR:72756:bdpl 3.483383770942538e-05
LPR:72983:bdpl 1.1353138460514909e-07
LPR:73153:bdpl 5.739006507755426e-07
LPR:73262:bdpl 5.063838344725825e-14
LPR:73280:bdpl 7.059952878721912e-06
LPR:73281:bdpl 0.000779382171728
LPR:73372:bdpl 9.084780716705325e-08
LPR:73440:bdpl 8.700385672674723e-07
LPR:73481:bdpl 0.0002076812769823
LPR:73715:bdpl 0.0061042300136927
LPR:73737:bdpl 7.644446158020231e-11
LPR:73761:bdpl 1.727256362272342e-05
LPR:73762:bdpl 0.0067578963249136
LPR:73906:bdpl 2.4471103667423354e-08
LPR:73940:bdpl 6.789193443183034e-09
LPR:73942:bdpl 7.012852629145419e-07
LPR:74131:bdpl 3.2904953509016913e-09
LPR:74280:bdpl 1.957789377835745e-11
LPR:84404:bdpl 0.0001074817438621
LPR:84409:bdpl 0.0008343004430052
LPR:84411:bdpl 0.0112015234338711
LPR:91103:bdpl 1.2246390408144966e-08
LPR:91173:bdpl 6.901967860059489e-06
LPR:91808:bdpl 1.4625179452353485e-12
LPR:91996:bdpl 1.2929366798949315e-10
LPR:91997:bdpl 5.786038952117356e-09
LPR:92099:bdpl 2.3718788253377606e-07
LPR:92184:bdpl 3.463222347657104e-05
LPR:92299:bdpl 1.8124280558586e-11
LPR:92696:bdpl 1.325001373983379e-15
LPR:92714:bdpl 9.628864021141852e-09
LPR:92724:bdpl 4.970867734995953e-15
LPR:92743:bdpl 1.0728663860736936e-12
LPR:92808:bdpl 2.3959400578075384e-08
LPR:92885:bdpl 2.690385256246658e-05
LPR:92981:bdpl 1.7959314971742223e-09
LPR:93142:bdpl 0.0005774497049849
LPR:93143:bdpl 5.52997575790864e-05
LPR:93349:bdpl 4.276794990121022e-05
LPR:93422:bdpl 8.196494041199464e-15
LPR:93423:bdpl 8.78946248588967e-15
LPR:93424:bdpl 1.9512558592349924e-14
LPR:93469:bdpl 0.0065857187141116
LPR:93832:bdpl 4.3120883753331294e-14
LPR:94302:bdpl 0.0370403643270445
LPR:94988:bdpl 2.4809791430451154e-08
LPR:95068:bdpl 7.244530347405125e-06
LPR:total_proposed:bdpl 0.0066899310261558
LPR:total_existing:bdpl 4.679641202616834
LPR:total_combined:bdpl 4.685475733959508
